Archive member included to satisfy reference by file (symbol)

d:/asinstaller/7.0/toolchain/avr8/avr8-gnu-toolchain/bin/../lib/gcc/avr/4.9.2/avr5\libgcc.a(_udivmodsi4.o)
                              APP/main.o (__udivmodsi4)
d:/asinstaller/7.0/toolchain/avr8/avr8-gnu-toolchain/bin/../lib/gcc/avr/4.9.2/avr5\libgcc.a(_exit.o)
                              D:/asInstaller/7.0/Packs/atmel/ATmega_DFP/1.1.130/gcc/dev/atmega32/avr5/crtatmega32.o (exit)
d:/asinstaller/7.0/toolchain/avr8/avr8-gnu-toolchain/bin/../lib/gcc/avr/4.9.2/avr5\libgcc.a(_tablejump2.o)
                              MCAL/ADC/ADC_Program.o (__tablejump2__)

Discarded input sections

 .data          0x00000000        0x0 D:/asInstaller/7.0/Packs/atmel/ATmega_DFP/1.1.130/gcc/dev/atmega32/avr5/crtatmega32.o
 .bss           0x00000000        0x0 D:/asInstaller/7.0/Packs/atmel/ATmega_DFP/1.1.130/gcc/dev/atmega32/avr5/crtatmega32.o
 .text          0x00000000        0x0 APP/main.o
 .data          0x00000000        0x0 APP/main.o
 .bss           0x00000000        0x0 APP/main.o
 .text          0x00000000        0x0 HAL/BTN/BTN0/BTN0_Program.o
 .data          0x00000000        0x0 HAL/BTN/BTN0/BTN0_Program.o
 .bss           0x00000000        0x0 HAL/BTN/BTN0/BTN0_Program.o
 .text          0x00000000        0x0 HAL/BTN/BTN1/BTN1_Program.o
 .data          0x00000000        0x0 HAL/BTN/BTN1/BTN1_Program.o
 .bss           0x00000000        0x0 HAL/BTN/BTN1/BTN1_Program.o
 .text          0x00000000        0x0 HAL/BTN/BTN2/BTN2_Program.o
 .data          0x00000000        0x0 HAL/BTN/BTN2/BTN2_Program.o
 .bss           0x00000000        0x0 HAL/BTN/BTN2/BTN2_Program.o
 .text          0x00000000        0x0 HAL/DISPLAY/SEVEN_SEGMENT/SEVEN_SEGMENT_Program.o
 .data          0x00000000        0x0 HAL/DISPLAY/SEVEN_SEGMENT/SEVEN_SEGMENT_Program.o
 .bss           0x00000000        0x0 HAL/DISPLAY/SEVEN_SEGMENT/SEVEN_SEGMENT_Program.o
 .text.SEVENSEGMENT_Enable_DecimalPoint
                0x00000000        0xc HAL/DISPLAY/SEVEN_SEGMENT/SEVEN_SEGMENT_Program.o
 .text.SEVENSEGMENT_Disable_DecimalPoint
                0x00000000        0xc HAL/DISPLAY/SEVEN_SEGMENT/SEVEN_SEGMENT_Program.o
 .text          0x00000000        0x0 HAL/LED/LED0/LED0_Program.o
 .data          0x00000000        0x0 HAL/LED/LED0/LED0_Program.o
 .bss           0x00000000        0x0 HAL/LED/LED0/LED0_Program.o
 .text.LED0_Toggle
                0x00000000        0xa HAL/LED/LED0/LED0_Program.o
 .text          0x00000000        0x0 HAL/LED/LED1/LED1_Program.o
 .data          0x00000000        0x0 HAL/LED/LED1/LED1_Program.o
 .bss           0x00000000        0x0 HAL/LED/LED1/LED1_Program.o
 .text.LED1_Toggle
                0x00000000        0xa HAL/LED/LED1/LED1_Program.o
 .text          0x00000000        0x0 HAL/LED/LED2/LED2_Program.o
 .data          0x00000000        0x0 HAL/LED/LED2/LED2_Program.o
 .bss           0x00000000        0x0 HAL/LED/LED2/LED2_Program.o
 .text.LED2_Toggle
                0x00000000        0xa HAL/LED/LED2/LED2_Program.o
 .text          0x00000000        0x0 MCAL/ADC/ADC_Program.o
 .data          0x00000000        0x0 MCAL/ADC/ADC_Program.o
 .bss           0x00000000        0x0 MCAL/ADC/ADC_Program.o
 .text.ADC_Initialize_WithInterrupt
                0x00000000        0xe MCAL/ADC/ADC_Program.o
 .text          0x00000000        0x0 MCAL/DIO/DIO_Program.o
 .data          0x00000000        0x0 MCAL/DIO/DIO_Program.o
 .bss           0x00000000        0x0 MCAL/DIO/DIO_Program.o
 .text.DIO_TogglePinValue
                0x00000000       0x68 MCAL/DIO/DIO_Program.o
 .text.DIO_SetPinPullUp
                0x00000000       0x68 MCAL/DIO/DIO_Program.o
 .text          0x00000000        0x0 MCAL/EEPROM/EEPROM_Program.o
 .data          0x00000000        0x0 MCAL/EEPROM/EEPROM_Program.o
 .bss           0x00000000        0x0 MCAL/EEPROM/EEPROM_Program.o
 .text.EEPROM_Erase_Byte
                0x00000000        0x4 MCAL/EEPROM/EEPROM_Program.o
 .text          0x00000000        0x0 d:/asinstaller/7.0/toolchain/avr8/avr8-gnu-toolchain/bin/../lib/gcc/avr/4.9.2/avr5\libgcc.a(_udivmodsi4.o)
 .data          0x00000000        0x0 d:/asinstaller/7.0/toolchain/avr8/avr8-gnu-toolchain/bin/../lib/gcc/avr/4.9.2/avr5\libgcc.a(_udivmodsi4.o)
 .bss           0x00000000        0x0 d:/asinstaller/7.0/toolchain/avr8/avr8-gnu-toolchain/bin/../lib/gcc/avr/4.9.2/avr5\libgcc.a(_udivmodsi4.o)
 .text.libgcc.mul
                0x00000000        0x0 d:/asinstaller/7.0/toolchain/avr8/avr8-gnu-toolchain/bin/../lib/gcc/avr/4.9.2/avr5\libgcc.a(_udivmodsi4.o)
 .text.libgcc   0x00000000        0x0 d:/asinstaller/7.0/toolchain/avr8/avr8-gnu-toolchain/bin/../lib/gcc/avr/4.9.2/avr5\libgcc.a(_udivmodsi4.o)
 .text.libgcc.prologue
                0x00000000        0x0 d:/asinstaller/7.0/toolchain/avr8/avr8-gnu-toolchain/bin/../lib/gcc/avr/4.9.2/avr5\libgcc.a(_udivmodsi4.o)
 .text.libgcc.builtins
                0x00000000        0x0 d:/asinstaller/7.0/toolchain/avr8/avr8-gnu-toolchain/bin/../lib/gcc/avr/4.9.2/avr5\libgcc.a(_udivmodsi4.o)
 .text.libgcc.fmul
                0x00000000        0x0 d:/asinstaller/7.0/toolchain/avr8/avr8-gnu-toolchain/bin/../lib/gcc/avr/4.9.2/avr5\libgcc.a(_udivmodsi4.o)
 .text.libgcc.fixed
                0x00000000        0x0 d:/asinstaller/7.0/toolchain/avr8/avr8-gnu-toolchain/bin/../lib/gcc/avr/4.9.2/avr5\libgcc.a(_udivmodsi4.o)
 .text          0x00000000        0x0 d:/asinstaller/7.0/toolchain/avr8/avr8-gnu-toolchain/bin/../lib/gcc/avr/4.9.2/avr5\libgcc.a(_exit.o)
 .data          0x00000000        0x0 d:/asinstaller/7.0/toolchain/avr8/avr8-gnu-toolchain/bin/../lib/gcc/avr/4.9.2/avr5\libgcc.a(_exit.o)
 .bss           0x00000000        0x0 d:/asinstaller/7.0/toolchain/avr8/avr8-gnu-toolchain/bin/../lib/gcc/avr/4.9.2/avr5\libgcc.a(_exit.o)
 .text.libgcc.mul
                0x00000000        0x0 d:/asinstaller/7.0/toolchain/avr8/avr8-gnu-toolchain/bin/../lib/gcc/avr/4.9.2/avr5\libgcc.a(_exit.o)
 .text.libgcc.div
                0x00000000        0x0 d:/asinstaller/7.0/toolchain/avr8/avr8-gnu-toolchain/bin/../lib/gcc/avr/4.9.2/avr5\libgcc.a(_exit.o)
 .text.libgcc   0x00000000        0x0 d:/asinstaller/7.0/toolchain/avr8/avr8-gnu-toolchain/bin/../lib/gcc/avr/4.9.2/avr5\libgcc.a(_exit.o)
 .text.libgcc.prologue
                0x00000000        0x0 d:/asinstaller/7.0/toolchain/avr8/avr8-gnu-toolchain/bin/../lib/gcc/avr/4.9.2/avr5\libgcc.a(_exit.o)
 .text.libgcc.builtins
                0x00000000        0x0 d:/asinstaller/7.0/toolchain/avr8/avr8-gnu-toolchain/bin/../lib/gcc/avr/4.9.2/avr5\libgcc.a(_exit.o)
 .text.libgcc.fmul
                0x00000000        0x0 d:/asinstaller/7.0/toolchain/avr8/avr8-gnu-toolchain/bin/../lib/gcc/avr/4.9.2/avr5\libgcc.a(_exit.o)
 .text.libgcc.fixed
                0x00000000        0x0 d:/asinstaller/7.0/toolchain/avr8/avr8-gnu-toolchain/bin/../lib/gcc/avr/4.9.2/avr5\libgcc.a(_exit.o)
 .text          0x00000000        0x0 d:/asinstaller/7.0/toolchain/avr8/avr8-gnu-toolchain/bin/../lib/gcc/avr/4.9.2/avr5\libgcc.a(_tablejump2.o)
 .data          0x00000000        0x0 d:/asinstaller/7.0/toolchain/avr8/avr8-gnu-toolchain/bin/../lib/gcc/avr/4.9.2/avr5\libgcc.a(_tablejump2.o)
 .bss           0x00000000        0x0 d:/asinstaller/7.0/toolchain/avr8/avr8-gnu-toolchain/bin/../lib/gcc/avr/4.9.2/avr5\libgcc.a(_tablejump2.o)
 .text.libgcc.mul
                0x00000000        0x0 d:/asinstaller/7.0/toolchain/avr8/avr8-gnu-toolchain/bin/../lib/gcc/avr/4.9.2/avr5\libgcc.a(_tablejump2.o)
 .text.libgcc.div
                0x00000000        0x0 d:/asinstaller/7.0/toolchain/avr8/avr8-gnu-toolchain/bin/../lib/gcc/avr/4.9.2/avr5\libgcc.a(_tablejump2.o)
 .text.libgcc.prologue
                0x00000000        0x0 d:/asinstaller/7.0/toolchain/avr8/avr8-gnu-toolchain/bin/../lib/gcc/avr/4.9.2/avr5\libgcc.a(_tablejump2.o)
 .text.libgcc.builtins
                0x00000000        0x0 d:/asinstaller/7.0/toolchain/avr8/avr8-gnu-toolchain/bin/../lib/gcc/avr/4.9.2/avr5\libgcc.a(_tablejump2.o)
 .text.libgcc.fmul
                0x00000000        0x0 d:/asinstaller/7.0/toolchain/avr8/avr8-gnu-toolchain/bin/../lib/gcc/avr/4.9.2/avr5\libgcc.a(_tablejump2.o)
 .text.libgcc.fixed
                0x00000000        0x0 d:/asinstaller/7.0/toolchain/avr8/avr8-gnu-toolchain/bin/../lib/gcc/avr/4.9.2/avr5\libgcc.a(_tablejump2.o)

Memory Configuration

Name             Origin             Length             Attributes
text             0x00000000         0x00020000         xr
data             0x00800060         0x0000ffa0         rw !x
eeprom           0x00810000         0x00010000         rw !x
fuse             0x00820000         0x00000002         rw !x
lock             0x00830000         0x00000400         rw !x
signature        0x00840000         0x00000400         rw !x
user_signatures  0x00850000         0x00000400         rw !x
*default*        0x00000000         0xffffffff

Linker script and memory map

LOAD D:/asInstaller/7.0/Packs/atmel/ATmega_DFP/1.1.130/gcc/dev/atmega32/avr5/crtatmega32.o
LOAD APP/main.o
LOAD HAL/BTN/BTN0/BTN0_Program.o
LOAD HAL/BTN/BTN1/BTN1_Program.o
LOAD HAL/BTN/BTN2/BTN2_Program.o
LOAD HAL/DISPLAY/SEVEN_SEGMENT/SEVEN_SEGMENT_Program.o
LOAD HAL/LED/LED0/LED0_Program.o
LOAD HAL/LED/LED1/LED1_Program.o
LOAD HAL/LED/LED2/LED2_Program.o
LOAD MCAL/ADC/ADC_Program.o
LOAD MCAL/DIO/DIO_Program.o
LOAD MCAL/EEPROM/EEPROM_Program.o
START GROUP
LOAD d:/asinstaller/7.0/toolchain/avr8/avr8-gnu-toolchain/bin/../lib/gcc/avr/4.9.2/../../../../avr/lib/avr5\libm.a
END GROUP
START GROUP
LOAD d:/asinstaller/7.0/toolchain/avr8/avr8-gnu-toolchain/bin/../lib/gcc/avr/4.9.2/avr5\libgcc.a
LOAD d:/asinstaller/7.0/toolchain/avr8/avr8-gnu-toolchain/bin/../lib/gcc/avr/4.9.2/../../../../avr/lib/avr5\libm.a
LOAD d:/asinstaller/7.0/toolchain/avr8/avr8-gnu-toolchain/bin/../lib/gcc/avr/4.9.2/../../../../avr/lib/avr5\libc.a
LOAD D:/asInstaller/7.0/Packs/atmel/ATmega_DFP/1.1.130/gcc/dev/atmega32/avr5\libatmega32.a
END GROUP
                0x00020000                __TEXT_REGION_LENGTH__ = DEFINED (__TEXT_REGION_LENGTH__)?__TEXT_REGION_LENGTH__:0x20000
                0x0000ffa0                __DATA_REGION_LENGTH__ = DEFINED (__DATA_REGION_LENGTH__)?__DATA_REGION_LENGTH__:0xffa0
                0x00010000                __EEPROM_REGION_LENGTH__ = DEFINED (__EEPROM_REGION_LENGTH__)?__EEPROM_REGION_LENGTH__:0x10000
                [0x00000002]                __FUSE_REGION_LENGTH__ = DEFINED (__FUSE_REGION_LENGTH__)?__FUSE_REGION_LENGTH__:0x400
                0x00000400                __LOCK_REGION_LENGTH__ = DEFINED (__LOCK_REGION_LENGTH__)?__LOCK_REGION_LENGTH__:0x400
                0x00000400                __SIGNATURE_REGION_LENGTH__ = DEFINED (__SIGNATURE_REGION_LENGTH__)?__SIGNATURE_REGION_LENGTH__:0x400
                0x00000400                __USER_SIGNATURE_REGION_LENGTH__ = DEFINED (__USER_SIGNATURE_REGION_LENGTH__)?__USER_SIGNATURE_REGION_LENGTH__:0x400

.hash
 *(.hash)

.dynsym
 *(.dynsym)

.dynstr
 *(.dynstr)

.gnu.version
 *(.gnu.version)

.gnu.version_d
 *(.gnu.version_d)

.gnu.version_r
 *(.gnu.version_r)

.rel.init
 *(.rel.init)

.rela.init
 *(.rela.init)

.rel.text
 *(.rel.text)
 *(.rel.text.*)
 *(.rel.gnu.linkonce.t*)

.rela.text
 *(.rela.text)
 *(.rela.text.*)
 *(.rela.gnu.linkonce.t*)

.rel.fini
 *(.rel.fini)

.rela.fini
 *(.rela.fini)

.rel.rodata
 *(.rel.rodata)
 *(.rel.rodata.*)
 *(.rel.gnu.linkonce.r*)

.rela.rodata
 *(.rela.rodata)
 *(.rela.rodata.*)
 *(.rela.gnu.linkonce.r*)

.rel.data
 *(.rel.data)
 *(.rel.data.*)
 *(.rel.gnu.linkonce.d*)

.rela.data
 *(.rela.data)
 *(.rela.data.*)
 *(.rela.gnu.linkonce.d*)

.rel.ctors
 *(.rel.ctors)

.rela.ctors
 *(.rela.ctors)

.rel.dtors
 *(.rel.dtors)

.rela.dtors
 *(.rela.dtors)

.rel.got
 *(.rel.got)

.rela.got
 *(.rela.got)

.rel.bss
 *(.rel.bss)

.rela.bss
 *(.rela.bss)

.rel.plt
 *(.rel.plt)

.rela.plt
 *(.rela.plt)

.text           0x00000000      0x884
 *(.vectors)
 .vectors       0x00000000       0x54 D:/asInstaller/7.0/Packs/atmel/ATmega_DFP/1.1.130/gcc/dev/atmega32/avr5/crtatmega32.o
                0x00000000                __vector_default
                0x00000000                __vectors
 *(.vectors)
 *(.progmem.gcc*)
 .progmem.gcc_sw_table.ADC_Read
                0x00000054       0x10 MCAL/ADC/ADC_Program.o
                0x00000064                . = ALIGN (0x2)
                0x00000064                __trampolines_start = .
 *(.trampolines)
 .trampolines   0x00000064        0x0 linker stubs
 *(.trampolines*)
                0x00000064                __trampolines_end = .
 *libprintf_flt.a:*(.progmem.data)
 *libc.a:*(.progmem.data)
 *(.progmem*)
                0x00000064                . = ALIGN (0x2)
 *(.jumptables)
 *(.jumptables*)
 *(.lowtext)
 *(.lowtext*)
                0x00000064                __ctors_start = .
 *(.ctors)
                0x00000064                __ctors_end = .
                0x00000064                __dtors_start = .
 *(.dtors)
                0x00000064                __dtors_end = .
 SORT(*)(.ctors)
 SORT(*)(.dtors)
 *(.init0)
 .init0         0x00000064        0x0 D:/asInstaller/7.0/Packs/atmel/ATmega_DFP/1.1.130/gcc/dev/atmega32/avr5/crtatmega32.o
                0x00000064                __init
 *(.init0)
 *(.init1)
 *(.init1)
 *(.init2)
 .init2         0x00000064        0xc D:/asInstaller/7.0/Packs/atmel/ATmega_DFP/1.1.130/gcc/dev/atmega32/avr5/crtatmega32.o
 *(.init2)
 *(.init3)
 *(.init3)
 *(.init4)
 *(.init4)
 *(.init5)
 *(.init5)
 *(.init6)
 *(.init6)
 *(.init7)
 *(.init7)
 *(.init8)
 *(.init8)
 *(.init9)
 .init9         0x00000070        0x8 D:/asInstaller/7.0/Packs/atmel/ATmega_DFP/1.1.130/gcc/dev/atmega32/avr5/crtatmega32.o
 *(.init9)
 *(.text)
 .text          0x00000078        0x4 D:/asInstaller/7.0/Packs/atmel/ATmega_DFP/1.1.130/gcc/dev/atmega32/avr5/crtatmega32.o
                0x00000078                __vector_1
                0x00000078                __vector_12
                0x00000078                __bad_interrupt
                0x00000078                __vector_6
                0x00000078                __vector_3
                0x00000078                __vector_11
                0x00000078                __vector_13
                0x00000078                __vector_17
                0x00000078                __vector_19
                0x00000078                __vector_7
                0x00000078                __vector_5
                0x00000078                __vector_4
                0x00000078                __vector_9
                0x00000078                __vector_2
                0x00000078                __vector_15
                0x00000078                __vector_8
                0x00000078                __vector_14
                0x00000078                __vector_10
                0x00000078                __vector_16
                0x00000078                __vector_18
                0x00000078                __vector_20
                0x0000007c                . = ALIGN (0x2)
 *(.text.*)
 .text.main     0x0000007c      0x404 APP/main.o
                0x0000007c                main
 .text.BTN0_Initialize
                0x00000480        0xc HAL/BTN/BTN0/BTN0_Program.o
                0x00000480                BTN0_Initialize
 .text.BTN0_Read
                0x0000048c        0xa HAL/BTN/BTN0/BTN0_Program.o
                0x0000048c                BTN0_Read
 .text.BTN1_Initialize
                0x00000496        0xc HAL/BTN/BTN1/BTN1_Program.o
                0x00000496                BTN1_Initialize
 .text.BTN1_Read
                0x000004a2        0xa HAL/BTN/BTN1/BTN1_Program.o
                0x000004a2                BTN1_Read
 .text.BTN2_Initialize
                0x000004ac        0xc HAL/BTN/BTN2/BTN2_Program.o
                0x000004ac                BTN2_Initialize
 .text.BTN2_Read
                0x000004b8        0xa HAL/BTN/BTN2/BTN2_Program.o
                0x000004b8                BTN2_Read
 .text.SEVENSEGMENT_Initialize
                0x000004c2       0x16 HAL/DISPLAY/SEVEN_SEGMENT/SEVEN_SEGMENT_Program.o
                0x000004c2                SEVENSEGMENT_Initialize
 .text.SEVENSEGMENT_Enable
                0x000004d8        0xc HAL/DISPLAY/SEVEN_SEGMENT/SEVEN_SEGMENT_Program.o
                0x000004d8                SEVENSEGMENT_Enable
 .text.SEVENSEGMENT_Disable
                0x000004e4        0xc HAL/DISPLAY/SEVEN_SEGMENT/SEVEN_SEGMENT_Program.o
                0x000004e4                SEVENSEGMENT_Disable
 .text.SEVENSEGMENT_DisplayNumber
                0x000004f0       0x26 HAL/DISPLAY/SEVEN_SEGMENT/SEVEN_SEGMENT_Program.o
                0x000004f0                SEVENSEGMENT_DisplayNumber
 .text.LED0_Initialization
                0x00000516        0xc HAL/LED/LED0/LED0_Program.o
                0x00000516                LED0_Initialization
 .text.LED0_ON  0x00000522        0xc HAL/LED/LED0/LED0_Program.o
                0x00000522                LED0_ON
 .text.LED0_OFF
                0x0000052e        0xc HAL/LED/LED0/LED0_Program.o
                0x0000052e                LED0_OFF
 .text.LED1_Initialization
                0x0000053a        0xc HAL/LED/LED1/LED1_Program.o
                0x0000053a                LED1_Initialization
 .text.LED1_ON  0x00000546        0xc HAL/LED/LED1/LED1_Program.o
                0x00000546                LED1_ON
 .text.LED1_OFF
                0x00000552        0xc HAL/LED/LED1/LED1_Program.o
                0x00000552                LED1_OFF
 .text.LED2_Initialization
                0x0000055e        0xc HAL/LED/LED2/LED2_Program.o
                0x0000055e                LED2_Initialization
 .text.LED2_ON  0x0000056a        0xc HAL/LED/LED2/LED2_Program.o
                0x0000056a                LED2_ON
 .text.LED2_OFF
                0x00000576        0xc HAL/LED/LED2/LED2_Program.o
                0x00000576                LED2_OFF
 .text.ADC_Initialize_WithoutInterrupt
                0x00000582        0xa MCAL/ADC/ADC_Program.o
                0x00000582                ADC_Initialize_WithoutInterrupt
 .text.ADC_Read
                0x0000058c       0x52 MCAL/ADC/ADC_Program.o
                0x0000058c                ADC_Read
 .text.DIO_SetPinDirection
                0x000005de       0xe2 MCAL/DIO/DIO_Program.o
                0x000005de                DIO_SetPinDirection
 .text.DIO_SetPinValue
                0x000006c0       0xe2 MCAL/DIO/DIO_Program.o
                0x000006c0                DIO_SetPinValue
 .text.DIO_GetPinValue
                0x000007a2       0x5c MCAL/DIO/DIO_Program.o
                0x000007a2                DIO_GetPinValue
 .text.EEPROM_Write_Byte
                0x000007fe       0x18 MCAL/EEPROM/EEPROM_Program.o
                0x000007fe                EEPROM_Write_Byte
 .text.EEPROM_Read_Byte
                0x00000816       0x1a MCAL/EEPROM/EEPROM_Program.o
                0x00000816                EEPROM_Read_Byte
 .text.libgcc.div
                0x00000830       0x44 d:/asinstaller/7.0/toolchain/avr8/avr8-gnu-toolchain/bin/../lib/gcc/avr/4.9.2/avr5\libgcc.a(_udivmodsi4.o)
                0x00000830                __udivmodsi4
 .text.libgcc   0x00000874        0xc d:/asinstaller/7.0/toolchain/avr8/avr8-gnu-toolchain/bin/../lib/gcc/avr/4.9.2/avr5\libgcc.a(_tablejump2.o)
                0x00000874                __tablejump2__
                0x00000880                . = ALIGN (0x2)
 *(.fini9)
 .fini9         0x00000880        0x0 d:/asinstaller/7.0/toolchain/avr8/avr8-gnu-toolchain/bin/../lib/gcc/avr/4.9.2/avr5\libgcc.a(_exit.o)
                0x00000880                _exit
                0x00000880                exit
 *(.fini9)
 *(.fini8)
 *(.fini8)
 *(.fini7)
 *(.fini7)
 *(.fini6)
 *(.fini6)
 *(.fini5)
 *(.fini5)
 *(.fini4)
 *(.fini4)
 *(.fini3)
 *(.fini3)
 *(.fini2)
 *(.fini2)
 *(.fini1)
 *(.fini1)
 *(.fini0)
 .fini0         0x00000880        0x4 d:/asinstaller/7.0/toolchain/avr8/avr8-gnu-toolchain/bin/../lib/gcc/avr/4.9.2/avr5\libgcc.a(_exit.o)
 *(.fini0)
                0x00000884                _etext = .

.data           0x00800060        0x0 load address 0x00000884
                [!provide]                PROVIDE (__data_start, .)
 *(.data)
 *(.data*)
 *(.rodata)
 *(.rodata*)
 *(.gnu.linkonce.d*)
                0x00800060                . = ALIGN (0x2)
                0x00800060                _edata = .
                [!provide]                PROVIDE (__data_end, .)

.bss            0x00800060        0x0
                [!provide]                PROVIDE (__bss_start, .)
 *(.bss)
 *(.bss*)
 *(COMMON)
                [!provide]                PROVIDE (__bss_end, .)
                0x00000884                __data_load_start = LOADADDR (.data)
                0x00000884                __data_load_end = (__data_load_start + SIZEOF (.data))

.noinit         0x00800060        0x0
                [!provide]                PROVIDE (__noinit_start, .)
 *(.noinit*)
                [!provide]                PROVIDE (__noinit_end, .)
                0x00800060                _end = .
                [!provide]                PROVIDE (__heap_start, .)

.eeprom         0x00810000        0x0
 *(.eeprom*)
                0x00810000                __eeprom_end = .

.fuse
 *(.fuse)
 *(.lfuse)
 *(.hfuse)
 *(.efuse)

.lock
 *(.lock*)

.signature
 *(.signature*)

.user_signatures
 *(.user_signatures*)

.stab
 *(.stab)

.stabstr
 *(.stabstr)

.stab.excl
 *(.stab.excl)

.stab.exclstr
 *(.stab.exclstr)

.stab.index
 *(.stab.index)

.stab.indexstr
 *(.stab.indexstr)

.comment        0x00000000       0x30
 *(.comment)
 .comment       0x00000000       0x30 APP/main.o
                                 0x31 (size before relaxing)
 .comment       0x00000030       0x31 HAL/BTN/BTN0/BTN0_Program.o
 .comment       0x00000030       0x31 HAL/BTN/BTN1/BTN1_Program.o
 .comment       0x00000030       0x31 HAL/BTN/BTN2/BTN2_Program.o
 .comment       0x00000030       0x31 HAL/DISPLAY/SEVEN_SEGMENT/SEVEN_SEGMENT_Program.o
 .comment       0x00000030       0x31 HAL/LED/LED0/LED0_Program.o
 .comment       0x00000030       0x31 HAL/LED/LED1/LED1_Program.o
 .comment       0x00000030       0x31 HAL/LED/LED2/LED2_Program.o
 .comment       0x00000030       0x31 MCAL/ADC/ADC_Program.o
 .comment       0x00000030       0x31 MCAL/DIO/DIO_Program.o
 .comment       0x00000030       0x31 MCAL/EEPROM/EEPROM_Program.o

.note.gnu.avr.deviceinfo
                0x00000000       0x3c
 .note.gnu.avr.deviceinfo
                0x00000000       0x3c D:/asInstaller/7.0/Packs/atmel/ATmega_DFP/1.1.130/gcc/dev/atmega32/avr5/crtatmega32.o

.note.gnu.build-id
 *(.note.gnu.build-id)

.debug
 *(.debug)

.line
 *(.line)

.debug_srcinfo
 *(.debug_srcinfo)

.debug_sfnames
 *(.debug_sfnames)

.debug_aranges  0x00000000      0x228
 *(.debug_aranges)
 .debug_aranges
                0x00000000       0x20 APP/main.o
 .debug_aranges
                0x00000020       0x28 HAL/BTN/BTN0/BTN0_Program.o
 .debug_aranges
                0x00000048       0x28 HAL/BTN/BTN1/BTN1_Program.o
 .debug_aranges
                0x00000070       0x28 HAL/BTN/BTN2/BTN2_Program.o
 .debug_aranges
                0x00000098       0x48 HAL/DISPLAY/SEVEN_SEGMENT/SEVEN_SEGMENT_Program.o
 .debug_aranges
                0x000000e0       0x38 HAL/LED/LED0/LED0_Program.o
 .debug_aranges
                0x00000118       0x38 HAL/LED/LED1/LED1_Program.o
 .debug_aranges
                0x00000150       0x38 HAL/LED/LED2/LED2_Program.o
 .debug_aranges
                0x00000188       0x30 MCAL/ADC/ADC_Program.o
 .debug_aranges
                0x000001b8       0x40 MCAL/DIO/DIO_Program.o
 .debug_aranges
                0x000001f8       0x30 MCAL/EEPROM/EEPROM_Program.o

.debug_pubnames
 *(.debug_pubnames)

.debug_info     0x00000000     0x219f
 *(.debug_info .gnu.linkonce.wi.*)
 .debug_info    0x00000000      0x4e6 D:/asInstaller/7.0/Packs/atmel/ATmega_DFP/1.1.130/gcc/dev/atmega32/avr5/crtatmega32.o
 .debug_info    0x000004e6      0x7b2 APP/main.o
 .debug_info    0x00000c98      0x1e6 HAL/BTN/BTN0/BTN0_Program.o
 .debug_info    0x00000e7e      0x1e6 HAL/BTN/BTN1/BTN1_Program.o
 .debug_info    0x00001064      0x1e6 HAL/BTN/BTN2/BTN2_Program.o
 .debug_info    0x0000124a      0x2c4 HAL/DISPLAY/SEVEN_SEGMENT/SEVEN_SEGMENT_Program.o
 .debug_info    0x0000150e      0x24a HAL/LED/LED0/LED0_Program.o
 .debug_info    0x00001758      0x24a HAL/LED/LED1/LED1_Program.o
 .debug_info    0x000019a2      0x24a HAL/LED/LED2/LED2_Program.o
 .debug_info    0x00001bec      0x1e9 MCAL/ADC/ADC_Program.o
 .debug_info    0x00001dd5      0x275 MCAL/DIO/DIO_Program.o
 .debug_info    0x0000204a      0x155 MCAL/EEPROM/EEPROM_Program.o

.debug_abbrev   0x00000000      0xe2b
 *(.debug_abbrev)
 .debug_abbrev  0x00000000      0x4a3 D:/asInstaller/7.0/Packs/atmel/ATmega_DFP/1.1.130/gcc/dev/atmega32/avr5/crtatmega32.o
 .debug_abbrev  0x000004a3      0x1c5 APP/main.o
 .debug_abbrev  0x00000668       0xd8 HAL/BTN/BTN0/BTN0_Program.o
 .debug_abbrev  0x00000740       0xd8 HAL/BTN/BTN1/BTN1_Program.o
 .debug_abbrev  0x00000818       0xd8 HAL/BTN/BTN2/BTN2_Program.o
 .debug_abbrev  0x000008f0       0xe5 HAL/DISPLAY/SEVEN_SEGMENT/SEVEN_SEGMENT_Program.o
 .debug_abbrev  0x000009d5       0xab HAL/LED/LED0/LED0_Program.o
 .debug_abbrev  0x00000a80       0xab HAL/LED/LED1/LED1_Program.o
 .debug_abbrev  0x00000b2b       0xab HAL/LED/LED2/LED2_Program.o
 .debug_abbrev  0x00000bd6       0xb0 MCAL/ADC/ADC_Program.o
 .debug_abbrev  0x00000c86       0xd9 MCAL/DIO/DIO_Program.o
 .debug_abbrev  0x00000d5f       0xcc MCAL/EEPROM/EEPROM_Program.o

.debug_line     0x00000000     0x12b9
 *(.debug_line .debug_line.* .debug_line_end)
 .debug_line    0x00000000      0x115 D:/asInstaller/7.0/Packs/atmel/ATmega_DFP/1.1.130/gcc/dev/atmega32/avr5/crtatmega32.o
 .debug_line    0x00000115      0x63c APP/main.o
 .debug_line    0x00000751      0x109 HAL/BTN/BTN0/BTN0_Program.o
 .debug_line    0x0000085a      0x109 HAL/BTN/BTN1/BTN1_Program.o
 .debug_line    0x00000963      0x109 HAL/BTN/BTN2/BTN2_Program.o
 .debug_line    0x00000a6c      0x171 HAL/DISPLAY/SEVEN_SEGMENT/SEVEN_SEGMENT_Program.o
 .debug_line    0x00000bdd       0xca HAL/LED/LED0/LED0_Program.o
 .debug_line    0x00000ca7       0xca HAL/LED/LED1/LED1_Program.o
 .debug_line    0x00000d71       0xca HAL/LED/LED2/LED2_Program.o
 .debug_line    0x00000e3b      0x177 MCAL/ADC/ADC_Program.o
 .debug_line    0x00000fb2      0x1d7 MCAL/DIO/DIO_Program.o
 .debug_line    0x00001189      0x130 MCAL/EEPROM/EEPROM_Program.o

.debug_frame    0x00000000      0x32c
 *(.debug_frame)
 .debug_frame   0x00000000       0x34 APP/main.o
 .debug_frame   0x00000034       0x34 HAL/BTN/BTN0/BTN0_Program.o
 .debug_frame   0x00000068       0x34 HAL/BTN/BTN1/BTN1_Program.o
 .debug_frame   0x0000009c       0x34 HAL/BTN/BTN2/BTN2_Program.o
 .debug_frame   0x000000d0       0x74 HAL/DISPLAY/SEVEN_SEGMENT/SEVEN_SEGMENT_Program.o
 .debug_frame   0x00000144       0x54 HAL/LED/LED0/LED0_Program.o
 .debug_frame   0x00000198       0x54 HAL/LED/LED1/LED1_Program.o
 .debug_frame   0x000001ec       0x54 HAL/LED/LED2/LED2_Program.o
 .debug_frame   0x00000240       0x44 MCAL/ADC/ADC_Program.o
 .debug_frame   0x00000284       0x64 MCAL/DIO/DIO_Program.o
 .debug_frame   0x000002e8       0x44 MCAL/EEPROM/EEPROM_Program.o

.debug_str      0x00000000      0xa10
 *(.debug_str)
 .debug_str     0x00000000      0x196 D:/asInstaller/7.0/Packs/atmel/ATmega_DFP/1.1.130/gcc/dev/atmega32/avr5/crtatmega32.o
 .debug_str     0x00000196      0x516 APP/main.o
                                0x54a (size before relaxing)
 .debug_str     0x000006ac       0xe9 HAL/BTN/BTN0/BTN0_Program.o
                                0x2b0 (size before relaxing)
 .debug_str     0x00000795       0x1f HAL/BTN/BTN1/BTN1_Program.o
                                0x2b0 (size before relaxing)
 .debug_str     0x000007b4       0x1f HAL/BTN/BTN2/BTN2_Program.o
                                0x2b0 (size before relaxing)
 .debug_str     0x000007d3       0xb5 HAL/DISPLAY/SEVEN_SEGMENT/SEVEN_SEGMENT_Program.o
                                0x349 (size before relaxing)
 .debug_str     0x00000888       0x3e HAL/LED/LED0/LED0_Program.o
                                0x2be (size before relaxing)
 .debug_str     0x000008c6       0x2b HAL/LED/LED1/LED1_Program.o
                                0x2be (size before relaxing)
 .debug_str     0x000008f1       0x2b HAL/LED/LED2/LED2_Program.o
                                0x2be (size before relaxing)
 .debug_str     0x0000091c       0x49 MCAL/ADC/ADC_Program.o
                                0x30e (size before relaxing)
 .debug_str     0x00000965       0x38 MCAL/DIO/DIO_Program.o
                                0x2cb (size before relaxing)
 .debug_str     0x0000099d       0x73 MCAL/EEPROM/EEPROM_Program.o
                                0x226 (size before relaxing)

.debug_loc      0x00000000     0x1051
 *(.debug_loc)
 .debug_loc     0x00000000      0xa5f APP/main.o
 .debug_loc     0x00000a5f       0x1f HAL/BTN/BTN0/BTN0_Program.o
 .debug_loc     0x00000a7e       0x1f HAL/BTN/BTN1/BTN1_Program.o
 .debug_loc     0x00000a9d       0x1f HAL/BTN/BTN2/BTN2_Program.o
 .debug_loc     0x00000abc       0x48 HAL/DISPLAY/SEVEN_SEGMENT/SEVEN_SEGMENT_Program.o
 .debug_loc     0x00000b04      0x14f MCAL/ADC/ADC_Program.o
 .debug_loc     0x00000c53      0x378 MCAL/DIO/DIO_Program.o
 .debug_loc     0x00000fcb       0x86 MCAL/EEPROM/EEPROM_Program.o

.debug_macinfo
 *(.debug_macinfo)

.debug_weaknames
 *(.debug_weaknames)

.debug_funcnames
 *(.debug_funcnames)

.debug_typenames
 *(.debug_typenames)

.debug_varnames
 *(.debug_varnames)

.debug_pubtypes
 *(.debug_pubtypes)

.debug_ranges   0x00000000      0x190
 *(.debug_ranges)
 .debug_ranges  0x00000000       0x28 APP/main.o
 .debug_ranges  0x00000028       0x18 HAL/BTN/BTN0/BTN0_Program.o
 .debug_ranges  0x00000040       0x18 HAL/BTN/BTN1/BTN1_Program.o
 .debug_ranges  0x00000058       0x18 HAL/BTN/BTN2/BTN2_Program.o
 .debug_ranges  0x00000070       0x38 HAL/DISPLAY/SEVEN_SEGMENT/SEVEN_SEGMENT_Program.o
 .debug_ranges  0x000000a8       0x28 HAL/LED/LED0/LED0_Program.o
 .debug_ranges  0x000000d0       0x28 HAL/LED/LED1/LED1_Program.o
 .debug_ranges  0x000000f8       0x28 HAL/LED/LED2/LED2_Program.o
 .debug_ranges  0x00000120       0x20 MCAL/ADC/ADC_Program.o
 .debug_ranges  0x00000140       0x30 MCAL/DIO/DIO_Program.o
 .debug_ranges  0x00000170       0x20 MCAL/EEPROM/EEPROM_Program.o

.debug_macro
 *(.debug_macro)
OUTPUT(Graduation_Project.elf elf32-avr)
LOAD linker stubs
